thread 'rustc' panicked at 'index out of bounds: the len is 0 but the index is 0', clippy_lints/src/path_from_format.rs:39:41
note: run with `RUST_BACKTRACE=1` environment variable to display a backtrace

error: internal compiler error: unexpected panic

note: the compiler unexpectedly panicked. this is a bug.

note: we would appreciate a bug report: https://github.com/rust-lang/rust-clippy/issues/new

note: Clippy version: clippy 0.1.62 (01d75b195 2022-05-13)

query stack during panic:
#0 [analysis] running analysis passes on this crate
end of query stack
